// Jest Snapshot v1, https://goo.gl/fbAQLP

exports[`Error should render correctly 1`] = `
<div
  className="fullpage"
>
  <div>
    <p
      className="error-tips"
    >
      There is a small problem. Please try refreshing
    </p>
    <div
      className="refresh-btn"
      onClick={[Function]}
    >
      <UndoOutline />
      <span>
        Refresh
      </span>
    </div>
  </div>
</div>
`;
