// Jest Snapshot v1, https://goo.gl/fbAQLP

exports[`Cell should render correctly 1`] = `
<div
  className="m-flex m-row-between  m-padding-tb20 m-line-bottom"
>
  <div
    className="m-flex"
  >
    <div
      className=""
    >
      <span
        className="m-colors-333 m-font16"
        style={Object {}}
      >
        test
      </span>
      <div
        className="m-margin-top5"
      />
    </div>
  </div>
  <div
    className="m-flex right-content"
  >
    <img
      alt=""
      className="arrow"
      src="arrow.png"
    />
  </div>
</div>
`;
