// Jest Snapshot v1, https://goo.gl/fbAQLP

exports[`MyInvitation should render correctly 1`] = `
<div>
  <Navbar
    title="myInvitationPageTitle"
  />
  <div
    className="m-layout"
  >
    <div
      className="position-relative"
    >
      <img
        alt=""
        className="invite_bg"
        src="/static/images/invite_bg@2x.png"
        width="100%"
      />
      <div
        className="position-absolute"
      >
        <div
          className="text"
        >
          <p>
            Invite your friends to join Mises, you 
          </p>
          <p>
            can get 10% of your friends' 
          </p>
          <p>
            airdrop rewards
          </p>
        </div>
        <div
          className="m-flex position-relative share-btn-box"
        >
          <ForwardRef
            className="m-flex-1"
            color="white"
            onClick={[Function]}
            shape="rounded"
            size="large"
          >
            <span
              className="share-btn"
            >
              Share Mises to friends
            </span>
            <img
              alt=""
              className="arrow"
              src="/static/images/arrow@2x.png"
            />
          </ForwardRef>
          <img
            alt=""
            className="airdropIcon"
            src="/static/images/airdropIcon.png"
          />
        </div>
      </div>
    </div>
    <div
      className="list"
    >
      <p
        className="stas"
      >
        Number of Invitation: 
        0
      </p>
      <p
        className="stas"
      >
        Reward: 
        <span>
          0
        </span>
         MIS
         
      </p>
      <div
        className="table-header-item"
      >
        <Grid
          columns={2}
        >
          <GridItem>
            <div
              className="text-center table-header"
            >
              Mises ID
            </div>
          </GridItem>
          <GridItem>
            <div
              className="text-center table-header table-header-last"
            >
              Status
            </div>
          </GridItem>
        </Grid>
      </div>
      <PullToRefresh
        onRefresh={[Function]}
      >
        <InfiniteScroll
          hasMore={true}
          loadMore={[Function]}
        />
      </PullToRefresh>
    </div>
  </div>
</div>
`;
