// Jest Snapshot v1, https://goo.gl/fbAQLP

exports[`MyInvitation should render correctly 1`] = `
<div>
  <Navbar
    customBack={[Function]}
    title="myInvitationPageTitle"
  />
  <div
    className="m-layout"
  >
    <div
      className="position-relative"
    >
      <img
        alt=""
        className="invite_bg"
        src="/static/images/invite_bg@2x.png"
        width="100%"
      />
      <div
        className="position-absolute"
      >
        <div
          className="text"
        >
          <p>
            Invite your friends to join Mises 
          </p>
        </div>
        <div
          className="m-flex position-relative share-btn-box"
        >
          <ForwardRef
            className="m-flex-1"
            color="white"
            onClick={[Function]}
            shape="rounded"
            size="large"
          >
            <span
              className="share-btn"
            >
              Share Mises to friends
            </span>
            <img
              alt=""
              className="arrow"
              src="/static/images/arrow@2x.png"
            />
          </ForwardRef>
        </div>
      </div>
    </div>
  </div>
</div>
`;
