// Jest Snapshot v1, https://goo.gl/fbAQLP

exports[`Following should render correctly 1`] = `
<div>
  <NavBar
    left={
      <Icon
        onClick={[Function]}
        prefixCls="za-icon"
        size="sm"
        theme="default"
        type="arrow-left"
        viewBox="0 0 32 32"
      />
    }
    prefixCls="za-nav-bar"
    title="followingPageTitle"
  />
  <div
    className="m-bg-f8f8f8"
  >
    <ForwardRef(forwardRef)
      className="m-layout"
      load={
        Object {
          "distance": 200,
          "handler": [Function],
          "state": 0,
        }
      }
      refresh={
        Object {
          "handler": [Function],
          "state": 0,
        }
      }
      style={
        Object {
          "paddingTop": "10px",
        }
      }
    />
  </div>
</div>
`;
