// Jest Snapshot v1, https://goo.gl/fbAQLP

exports[`Found should render correctly 1`] = `
<div>
  <Cell
    disabled={false}
    hasArrow={false}
    prefixCls="za-cell"
    title="是否多选"
  >
    <RadioGroup
      block={false}
      compact={true}
      disabled={false}
      ghost={false}
      onChange={[Function]}
      prefixCls="za-radio-group"
      shape="radius"
      size="xs"
      type="button"
      value={true}
    >
      <Radio
        disabled={false}
        prefixCls="za-radio"
        shape="radius"
        value={false}
      >
        单选
      </Radio>
      <Radio
        disabled={false}
        prefixCls="za-radio"
        shape="radius"
        value={true}
      >
        双选
      </Radio>
    </RadioGroup>
  </Cell>
</div>
`;
