// Jest Snapshot v1, https://goo.gl/fbAQLP

exports[`CreateMisesId should render correctly 1`] = `
<NavBar
  backArrow={
    <img
      alt=""
      height={22}
      src="back.png"
      style={
        Object {
          "display": "block",
        }
      }
      width={22}
    />
  }
  className=""
  onBack={[Function]}
>
  <span
    style={
      Object {
        "color": "#333",
        "fontSize": "19px",
        "fontWeight": "bold",
      }
    }
  />
</NavBar>
`;
