// Jest Snapshot v1, https://goo.gl/fbAQLP

exports[`CreateMisesId should render correctly 1`] = `
<NavBar
  left={
    <img
      alt="back"
      onClick={[Function]}
      src="back.png"
      style={
        Object {
          "height": "22px",
          "width": "22px",
        }
      }
    />
  }
  prefixCls="za-nav-bar"
/>
`;
