// Jest Snapshot v1, https://goo.gl/fbAQLP

exports[`GreatePosts should render correctly 1`] = `
<div>
  <Navbar
    title="airdropPageTitle"
  />
  <div
    className="m-layout m-bg-fff m-padding15 m-font18"
  >
    <div>
      <img
        alt=""
        className="success-img"
        height={44}
        src="complete.png"
        width={44}
      />
      <p
        className="content"
      >
        airdropSuccessContent
      </p>
    </div>
    <div
      className="viewInWallet"
    >
      <Button
        block={true}
        disabled={false}
        ghost={false}
        htmlType="button"
        loading={false}
        onClick={[Function]}
        prefixCls="za-button"
        shadow={false}
        shape="round"
        size="md"
        theme="primary"
      >
        <span
          className="btn-txt"
        >
          viewInWallet
        </span>
      </Button>
    </div>
  </div>
</div>
`;
