// Jest Snapshot v1, https://goo.gl/fbAQLP

exports[`Follows should render correctly 1`] = `
<div
  className="followBox"
>
  <ForwardRef(forwardRef)
    className="m-layout"
    load={
      Object {
        "distance": 200,
        "handler": [Function],
        "state": 0,
      }
    }
    refresh={
      Object {
        "handler": [Function],
        "state": 0,
      }
    }
    style={
      Object {
        "paddingTop": "10px",
      }
    }
  >
    <Empty />
  </ForwardRef(forwardRef)>
</div>
`;
