// Jest Snapshot v1, https://goo.gl/fbAQLP

exports[`GreatePosts should render correctly 1`] = `
<Fragment>
  <Navbar
    customBack={[Function]}
    title="airdropPageTitle"
  />
  <div
    className="m-layout airdrop-content"
    style={
      Object {
        "backgroundImage": "url(/static/images/airdrop-bg.png)",
      }
    }
  >
    <div
      className="airdrop-box"
    >
      <div
        className="listItem"
      >
        <span
          className="label"
        >
          Mises ID:
        </span>
        <span
          className="value"
        />
      </div>
      <div
        className="listItem"
      >
        <span
          className="label"
        >
          Twitter:
        </span>
        <span
          className="value"
        >
          NULL
        </span>
      </div>
      <div
        className="listItem"
      >
        <span
          className="label"
        >
          Airdrop:
        </span>
        <span
          className="value"
        >
          MIS
        </span>
      </div>
      <p
        className="text-bold success-tips"
      >
        Now send this Tweet to get airdrop!
      </p>
      <div
        className="text-area"
      >
        <ForwardRef
          autoSize={
            Object {
              "maxRows": 4,
              "minRows": 1,
            }
          }
          className="font-14"
          defaultValue=""
          onChange={[Function]}
          rows={2}
          showCount={false}
          value="Hello everyone, I am Alice, an art lover, this is my personal website welcome to visit."
        />
        <p
          className="font-14"
        >
          I have claimed undefined$MIS airdrop, come and join #Mises to experience the coolest decentralized social media with me!
  Join us and 3% airdrop!
  https://www.mises.site/download?MisesID=undefined
  #Mises #Decentralized #SocialMedia
        </p>
      </div>
      <ForwardRef
        className="btn"
        color="primary"
        fill="solid"
        loading={false}
        onClick={[Function]}
      >
        <span>
          Send Tweet and get Airdrop
        </span>
      </ForwardRef>
    </div>
  </div>
</Fragment>
`;
