// Jest Snapshot v1, https://goo.gl/fbAQLP

exports[`GreatePosts should render correctly 1`] = `
<Fragment>
  <Navbar
    customBack={[Function]}
    title="airdropPageTitle"
  />
  <div
    className="m-layout airdrop-content"
    style={
      Object {
        "backgroundImage": "url(/static/images/airdrop-bg.png)",
      }
    }
  >
    <div
      className="airdrop-box"
    >
      <div
        className="listItem"
      >
        <span
          className="label"
        >
          Mises ID:
        </span>
        <span
          className="value"
        />
      </div>
      <div
        className="listItem"
      >
        <span
          className="label"
        >
          Twitter ID:
        </span>
        <span
          className="value"
        >
          NULL
        </span>
      </div>
    </div>
  </div>
</Fragment>
`;
