// Jest Snapshot v1, https://goo.gl/fbAQLP

exports[`Link should render correctly 1`] = `
<div
  className="m-flex m-row-between forwardBox m-bg-f8f8f8"
  onClick={[Function]}
>
  <div
    className="m-flex"
  >
    <Staged
      fit="cover"
      height="28px"
      width="28px"
    />
    <div
      className="m-margin-left7"
    >
      <span
        className="title m-font12"
      />
      <p
        className="m-colors-999 timeAndType m-font10"
      />
    </div>
  </div>
  <img
    alt="link"
    className="iconStyle m-margin-right5"
    src="link.png"
  />
</div>
`;
