// Jest Snapshot v1, https://goo.gl/fbAQLP

exports[`Link should render correctly 1`] = `
<div
  className="m-flex m-row-between forwardBox m-bg-f8f8f8"
  onClick={[Function]}
>
  <div
    className="m-flex"
  >
    <Image
      alt="image"
      shape="square"
      size="sm"
    />
    <div
      className="m-margin-left8"
    >
      <span
        className="m-font12 title"
      />
      <p
        className="timeAndType m-colors-999"
      />
    </div>
  </div>
  <img
    alt="link"
    className="iconStyle m-margin-right5"
    src="link.png"
  />
</div>
`;
