// Jest Snapshot v1, https://goo.gl/fbAQLP

exports[`CreateMisesId should render correctly 1`] = `
<div
  className="m-padding15 m-bg-fff m-line-bottom"
  onClick={[Function]}
>
  <UserHeader
    followed={[Function]}
    item={
      Object {
        "created_at": undefined,
        "from_type": undefined,
        "id": undefined,
        "is_public": undefined,
      }
    }
  />
  <div
    className="emptyContent"
  />
  <PostsIcons
    commentPage={[Function]}
    forwardCallback={[Function]}
    item={
      Object {
        "user": Object {},
      }
    }
    likeCallback={[Function]}
  />
</div>
`;
