// Jest Snapshot v1, https://goo.gl/fbAQLP

exports[`Comment should render correctly 1`] = `
<div
  className="m-flex m-flex-col page"
>
  <Navbar
    title="commentPageTitle"
  />
  <div
    className="m-flex-1 commentBox"
  >
    <PullList
      data={Array []}
      load={[Function]}
      renderView={[Function]}
    />
  </div>
  <ForwardRef(CommentsPop)
    comment={Object {}}
    deleteCommentData={[Function]}
    likePress={[Function]}
    replyItem={[Function]}
    setvisible={[Function]}
    visible={false}
  />
  <ForwardRef(ReplyInput)
    content={
      Object {
        "onChange": [Function],
        "value": "",
      }
    }
    placeholder=""
    submit={[Function]}
  />
</div>
`;
