// Jest Snapshot v1, https://goo.gl/fbAQLP

exports[`GreatePosts should render correctly 1`] = `
<Fragment>
  <div>
    <div
      className="mises-bg"
      style={
        Object {
          "backgroundImage": "url('/static/images/bg.png')",
        }
      }
    >
      <div
        className="mises-logo-wrap"
      >
        <img
          alt=""
          className="download-logo"
          src="/static/images/download-logo.png"
        />
        <img
          alt=""
          className="download-name"
          src="/static/images/MisesBrowser.png"
        />
        <p>
          The world's first extension-supported 
        </p>
        <p>
          mobile Web3 browser
        </p>
      </div>
    </div>
  </div>
  <img
    alt=""
    className="download-png"
    src="/static/images/download.png"
  />
  <a
    className="download"
    href="https://play.google.com/store/apps/details?id=site.mises.browser"
    rel="noreferrer"
    target="_blank"
  >
    Download
  </a>
</Fragment>
`;
