// Jest Snapshot v1, https://goo.gl/fbAQLP

exports[`Post should render correctly 1`] = `
<div
  className="post-detail"
>
  <Navbar
    title="postPageTitle"
  />
  <ForwardRef(CommentsPop)
    comment={Object {}}
    likePress={[Function]}
    replyItem={[Function]}
    setvisible={[Function]}
    visible={false}
  />
</div>
`;
