// Jest Snapshot v1, https://goo.gl/fbAQLP

exports[`Post should render correctly 1`] = `
<div>
  <Navbar
    title="postPageTitle"
  />
  <div
    className="m-layout m-bg-f8f8f8"
  >
    <div
      className="m-bg-fff"
    >
      <div
        className="m-padding15 m-bg-fff m-line-bottom"
      >
        <UserHeader
          followed={[Function]}
          item={
            Object {
              "from_type": undefined,
            }
          }
        />
        <p
          className="itemContent m-font15 m-padding-tb15"
        />
        <div
          className="m-margin-top12"
        >
          <PostsIcons
            forwardCallback={[Function]}
            item={Object {}}
            likeCallback={[Function]}
          />
        </div>
      </div>
    </div>
    <div
      className="m-margin-top15 m-bg-fff m-padding15"
    >
      <div
        className="m-flex"
      >
        <Image
          size={30}
        />
        <div
          className="comment m-flex-1 m-flex m-padding-lr15"
        >
          <div
            className="m-margin-right5"
          >
            <Image
              shape="square"
              size={16}
              source="write.png"
            />
          </div>
          <Input
            onChange={[Function]}
            placeholder="Write a comment..."
            type="text"
            value=""
          />
        </div>
      </div>
    </div>
  </div>
</div>
`;
