// Jest Snapshot v1, https://goo.gl/fbAQLP

exports[`UserHeader should render correctly 1`] = `
<div
  className="m-flex m-row-between normal"
>
  <div
    className="m-flex"
  >
    <NFTAvatar
      onClick={[Function]}
    />
    <div
      className="m-margin-left12"
    >
      <span
        className="nickname"
      >
        Anonymous
      </span>
    </div>
  </div>
</div>
`;
