// Jest Snapshot v1, https://goo.gl/fbAQLP

exports[`UserHeader should render correctly 1`] = `
<div
  className="m-flex m-row-between normal"
>
  <div
    className="m-flex"
  >
    <Image
      source=""
    />
    <div
      className="m-margin-left12"
    >
      <span
        className="nickname"
      >
        notName
      </span>
      <div
        className="timeAndType m-margin-top5"
      >
        08.18
        <span
          className="m-margin-left5"
        />
      </div>
    </div>
  </div>
</div>
`;
