// Jest Snapshot v1, https://goo.gl/fbAQLP

exports[`UserDetail should render correctly 1`] = `
<Fragment>
  <div
    className="app-container user-detail"
  >
    <div
      className="user-detail-header"
      style={
        Object {
          "backgroundImage": "url(/static/images/user_bg.jpg)",
        }
      }
    >
      <div
        className="m-flex nav-box m-row-between"
      >
        <img
          alt=""
          className="nav-icon"
          onClick={[Function]}
          src="user_back.png"
        />
        <Staged
          alt=""
          onClick={[Function]}
          src="/static/images/user_more.png"
          width={30}
        />
      </div>
      <div
        className="userinfo-box m-flex"
      >
        <div
          className="avatar-box"
        >
          <NFTAvatar
            NFTTagSize="48px"
            onClick={[Function]}
            size="75px"
          />
        </div>
        <div
          className="m-flex-1 user-info"
        >
          <div
            className="m-flex m-row-between"
          >
            <span
              className="username"
            >
              Anonymous
            </span>
          </div>
          <div
            className="follow-box m-flex"
          >
            <div
              onClick={[Function]}
            >
              <span
                className="follow-num"
              >
                0
              </span>
              <span
                className="follow-name"
              >
                Following
              </span>
            </div>
            <div
              onClick={[Function]}
            >
              <span
                className="follow-num"
              >
                0
              </span>
              <span
                className="follow-name"
              >
                Followers
              </span>
            </div>
          </div>
        </div>
      </div>
    </div>
  </div>
  <ForwardRef(forwardRef)
    actions={
      Array [
        Object {
          "onClick": [Function],
          "text": "Block",
          "theme": "danger",
        },
      ]
    }
    onCancel={[Function]}
    onMaskClick={[Function]}
    spacing={true}
    visible={false}
  />
</Fragment>
`;
