// Jest Snapshot v1, https://goo.gl/fbAQLP

exports[`PullList should render correctly 1`] = `
<Fragment>
  <ForwardRef(forwardRef)
    className="m-layout"
    load={
      Object {
        "distance": 200,
        "handler": [Function],
        "state": 0,
      }
    }
    refresh={
      Object {
        "handler": [Function],
        "state": 0,
      }
    }
    stayTime={300}
  />
</Fragment>
`;
