// Jest Snapshot v1, https://goo.gl/fbAQLP

exports[`Home should render correctly 1`] = `
<Fragment>
  <Tabs
    direction="horizontal"
    disabled={false}
    lineWidth={10}
    onChange={[Function]}
    prefixCls="za-tabs"
    scrollable={false}
    swipeable={false}
    value={0}
  >
    <TabPanel
      key="/home/following"
      prefixCls="za-tabs"
      title={
        <React.Fragment>
          <span
            className="active"
          >
            follow
          </span>
        </React.Fragment>
      }
    >
      <div />
    </TabPanel>
    <TabPanel
      key="/home/discover"
      prefixCls="za-tabs"
      title={
        <React.Fragment>
          <span
            className="unactive"
          >
            discover
          </span>
        </React.Fragment>
      }
    >
      <div />
    </TabPanel>
    <TabPanel
      key="/home/recent"
      prefixCls="za-tabs"
      title={
        <React.Fragment>
          <span
            className="unactive"
          >
            recent
          </span>
        </React.Fragment>
      }
    >
      <div />
    </TabPanel>
    <TabPanel
      key="/home/me"
      prefixCls="za-tabs"
      title={
        <React.Fragment>
          <span
            className="unactive"
          >
            me
          </span>
        </React.Fragment>
      }
    >
      <div />
    </TabPanel>
  </Tabs>
</Fragment>
`;
