// Jest Snapshot v1, https://goo.gl/fbAQLP

exports[`Home should render correctly 1`] = `
<div>
  <Tabs
    direction="horizontal"
    disabled={false}
    lineWidth={10}
    onChange={[Function]}
    prefixCls="za-tabs"
    scrollable={false}
    swipeable={false}
    value={0}
  >
    <TabPanel
      key="/home/"
      prefixCls="za-tabs"
      title={
        <span
          className="active"
        >
          follow
        </span>
      }
    >
      <div
        className="Panel"
      >
        <div />
      </div>
    </TabPanel>
    <TabPanel
      key="/home/discover"
      prefixCls="za-tabs"
      title={
        <span
          className="unactive"
        >
          discover
        </span>
      }
    >
      <div
        className="Panel"
      >
        <div />
      </div>
    </TabPanel>
    <TabPanel
      key="/home/me"
      prefixCls="za-tabs"
      title={
        <span
          className="unactive"
        >
          me
        </span>
      }
    >
      <div
        className="Panel"
      >
        <div />
      </div>
    </TabPanel>
  </Tabs>
</div>
`;
