// Jest Snapshot v1, https://goo.gl/fbAQLP

exports[`Notifications should render correctly 1`] = `
<div>
  <Navbar
    title="NotificationsPageTitle"
  />
  <ForwardRef(PullList)
    data={Array []}
    load={[Function]}
    renderView={[Function]}
  />
  <ForwardRef(CommentsPop)
    comment={Object {}}
    deleteCommentData={[Function]}
    likePress={[Function]}
    setvisible={[Function]}
    visible={false}
  />
</div>
`;
