// Jest Snapshot v1, https://goo.gl/fbAQLP

exports[`Me should render correctly 1`] = `
<div>
  <div
    style={
      Object {
        "padding": "20px",
        "textAlign": "center",
      }
    }
  >
    <ActivityIndicator
      loading={true}
      percent={20}
      prefixCls="za-activity-indicator"
      strokeWidth={5}
      type="spinner"
    />
  </div>
</div>
`;
