// Jest Snapshot v1, https://goo.gl/fbAQLP

exports[`GreatePosts should render correctly 1`] = `
<div>
  <NavBar
    left={
      <span
        className="m-font16"
        onClick={[Function]}
      >
        cancel
      </span>
    }
    prefixCls="za-nav-bar"
    right={
      <div
        style={
          Object {
            "width": "61px",
          }
        }
      >
        <Button
          block={true}
          disabled={false}
          ghost={false}
          htmlType="button"
          loading={false}
          onClick={[Function]}
          prefixCls="za-button"
          shadow={false}
          shape="round"
          size="xs"
          theme="primary"
        >
          send
        </Button>
      </div>
    }
  />
  <div
    className="m-layout m-bg-fff"
  >
    <div
      className="m-padding15"
    >
      <Input
        className="m-font17"
        maxLength="4000"
        onChange={[Function]}
        placeholder="createPostsPlaceholder..."
        rows={5}
        type="text"
        value=""
      />
    </div>
    <Upload
      imageList={Array []}
      setImageList={[Function]}
    />
    <div
      className="share-with"
      onClick={[Function]}
    >
      <div
        className="m-padding-lr15 m-line-top"
      >
        <Cell
          label="createPostsLabel"
          rightChild={
            <div>
              <span
                className="m-font14 m-colors-666"
              >
                public
              </span>
            </div>
          }
          showIcon={false}
          showLine={false}
        />
      </div>
    </div>
  </div>
</div>
`;
