// Jest Snapshot v1, https://goo.gl/fbAQLP

exports[`MyPost should render correctly 1`] = `
<div>
  <Navbar
    title="myPostPageTitle"
  />
  <ForwardRef(PullList)
    data={Array []}
    load={[Function]}
    renderView={[Function]}
  />
  <div
    className="m-position-fixed createPosts"
  >
    <Image
      onClick={[Function]}
      size={75}
      source="send.png"
    />
  </div>
  <ForwardRef(forwardRef)
    actions={
      Array [
        Object {
          "onClick": [Function],
          "text": "Delete",
          "theme": "danger",
        },
      ]
    }
    onCancel={[Function]}
    onMaskClick={[Function]}
    spacing={true}
    visible={false}
  />
</div>
`;
