// Jest Snapshot v1, https://goo.gl/fbAQLP

exports[`MyPost should render correctly 1`] = `
<div>
  <NavBar
    left={
      <Icon
        onClick={[Function]}
        prefixCls="za-icon"
        size="sm"
        theme="default"
        type="arrow-left"
        viewBox="0 0 32 32"
      />
    }
    prefixCls="za-nav-bar"
    title="myPostPageTitle"
  />
  <PullList
    data={Array []}
    load={[Function]}
    renderView={[Function]}
  />
  <div
    className="m-position-fixed createPosts"
  >
    <Image
      onClick={[Function]}
      size={75}
      source="send.png"
    />
  </div>
</div>
`;
